Microchip MPLAB XC8 Compiler V2.45

Linker command line:

-W-3 \
  --edf=C:\Program Files\Microchip\xc8\v2.45\pic\dat\20230818022343_en.msgs \
  -cn -h+dist/default/production\ProjectLIDAR.X.production.sym \
  --cmf=dist/default/production\ProjectLIDAR.X.production.cmf -z -Q18F4550 \
  -oC:\Users\rault\AppData\Local\Temp\xcAsbgc.\driver_tmp_3.o \
  --defsym=__MPLAB_BUILD=1 --fixupoverflow=error \
  -Mdist/default/production/ProjectLIDAR.X.production.map \
  --md=C:\Users\rault\AppData\Local\Temp\xcAsbgc.\driver_tmp_0.dat -E1 \
  -ver=XC8 Compiler --acfsm=1493 -ACODE=00h-07FFFh -ACONST=00h-07FFFh \
  -ASMALLCONST=0800h-08FFhx120 -AMEDIUMCONST=0800h-07FFFh -ACOMRAM=01h-05Fh \
  -AABS1=00h-07FFh -ABIGRAM=01h-07FFh -ARAM=060h-0FFh,0100h-01FFhx7 \
  -ABANK0=060h-0FFh -ABANK1=0100h-01FFh -ABANK2=0200h-02FFh \
  -ABANK3=0300h-03FFh -ABANK4=0400h-04FFh -ABANK5=0500h-05FFh \
  -ABANK6=0600h-06FFh -ABANK7=0700h-07FFh -ASFR=0F60h-0FFFh \
  -ABIGSFR=0F60h-0FFFh -ACONFIG=0300000h-030000Dh -AIDLOC=0200000h-0200007h \
  -AEEDATA=0F00000h-0F000FFh -peeprom_data=EEDATA \
  -preset_vec=00h,intcode,intcodelo,powerup,init -pramtop=0800h \
  -psmallconst=SMALLCONST -pmediumconst=MEDIUMCONST -pconst=CONST \
  -AFARRAM=00h-00h \
  -prdata=COMRAM,nvrram=COMRAM,nvbit=COMRAM,rbss=COMRAM,rbit=COMRAM \
  -pfarbss=FARRAM,fardata=FARRAM,nvFARRAM=FARRAM \
  -pintsave_regs=BIGRAM,bigbss=BIGRAM,bigdata=BIGRAM -pbss=RAM \
  -pidata=CODE,irdata=CODE,ibigdata=CODE,ifardata=CODE -prparam=COMRAM \
  C:\Users\rault\AppData\Local\Temp\xcAsbgc.\driver_tmp_14.o \
  dist/default/production\ProjectLIDAR.X.production.o 

Object code version is 3.11

Machine type is 18F4550



                Name                               Link     Load   Length Selector   Space Scale
C:\Users\rault\AppData\Local\Temp\xcAsbgc.\driver_tmp_14.o
                config                           300000   300000        A        0       4
                init                                  0        0        4        0       0
dist/default/production\ProjectLIDAR.X.production.o
                config                           300000   300000        A        0       4
                smallconst                          800      800        A      400       0
                text27                             27BC     27BC       14      405       0
                text26                             24E6     24E6       9C      405       0
                text25                             2774     2774       2C      405       0
                text24                             2748     2748       2C      405       0
                text23                             2716     2716       32      405       0
                text22                             263C     263C       3A      405       0
                text21                             2602     2602       3A      405       0
                text20                             27D0     27D0        8      405       0
                text19                              80A      80A      4C0      405       0
                text18                             1496     1496      39A      405       0
                text17                              CCA      CCA      42A      405       0
                text16                             1FC0     1FC0      106      405       0
                text15                             1B12     1B12      1B4      405       0
                text14                             21CA     21CA       FE      405       0
                text13                             20C6     20C6      104      405       0
                text12                             2676     2676       38      405       0
                text11                             2582     2582       46      405       0
                text10                             1830     1830      2E2      405       0
                text9                              10F4     10F4      3A2      405       0
                text8                              22C8     22C8       C4      405       0
                text7                              238C     238C       B0      405       0
                text6                              26E2     26E2       34      405       0
                text5                              27D8     27D8        2      405       0
                text4                              243C     243C       AA      405       0
                text3                              1CC6     1CC6      1AA      405       0
                text2                              25C8     25C8       3A      405       0
                text1                              26AE     26AE       34      405       0
                text0                              1E70     1E70      150      405       0
                cstackCOMRAM                          1        1       5D        1       1
                cstackBANK0                          60       60       4B       60       1
                bssBANK0                             AB       AB       28       60       1
                bssCOMRAM                            5E       5E        1        1       1
                cinit                              27A0     27A0       1C      405       0

TOTAL           Name                               Link     Load   Length     Space
        CLASS   CODE           
                init                                  0        0        4         0
                text27                             27BC     27BC       14         0
                text26                             24E6     24E6       9C         0
                text25                             2774     2774       2C         0
                text24                             2748     2748       2C         0
                text23                             2716     2716       32         0
                text22                             263C     263C       3A         0
                text21                             2602     2602       3A         0
                text20                             27D0     27D0        8         0
                text19                              80A      80A      4C0         0
                text18                             1496     1496      39A         0
                text17                              CCA      CCA      42A         0
                text16                             1FC0     1FC0      106         0
                text15                             1B12     1B12      1B4         0
                text14                             21CA     21CA       FE         0
                text13                             20C6     20C6      104         0
                text12                             2676     2676       38         0
                text11                             2582     2582       46         0
                text10                             1830     1830      2E2         0
                text9                              10F4     10F4      3A2         0
                text8                              22C8     22C8       C4         0
                text7                              238C     238C       B0         0
                text6                              26E2     26E2       34         0
                text5                              27D8     27D8        2         0
                text4                              243C     243C       AA         0
                text3                              1CC6     1CC6      1AA         0
                text2                              25C8     25C8       3A         0
                text1                              26AE     26AE       34         0
                text0                              1E70     1E70      150         0
                cinit                              27A0     27A0       1C         0

        CLASS   CONST          

        CLASS   SMALLCONST     
                smallconst                          800      800        A         0

        CLASS   MEDIUMCONST    

        CLASS   COMRAM         
                cstackCOMRAM                          1        1       5D         1
                bssCOMRAM                            5E       5E        1         1

        CLASS   ABS1           

        CLASS   BIGRAM         

        CLASS   RAM            

        CLASS   BANK0          
                cstackBANK0                          60       60       4B         1
                bssBANK0                             AB       AB       28         1

        CLASS   BANK1          

        CLASS   BANK2          

        CLASS   BANK3          

        CLASS   BANK4          

        CLASS   BANK5          

        CLASS   BANK6          

        CLASS   BANK7          

        CLASS   SFR            

        CLASS   BIGSFR         

        CLASS   CONFIG         
                config                           300000   300000        A         4

        CLASS   IDLOC          

        CLASS   EEDATA         

        CLASS   FARRAM         

        CLASS   HEAP           

        CLASS   STACK          



SEGMENTS        Name                           Load    Length   Top    Selector   Space  Class

                reset_vec                      000000  000004  000004         0       0  CODE    
                cstackCOMRAM                   000001  00005E  00005F         1       1  COMRAM  
                cstackBANK0                    000060  000073  0000D3        60       1  BANK0   
                smallconst                     000800  00000A  00080A       400       0  SMALLCON
                text19                         00080A  001FD0  0027DA       405       0  CODE    


UNUSED ADDRESS RANGES

        Name                Unused          Largest block    Delta
        BANK0            0000D3-0000FF               2D
        BANK1            000100-0001FF              100
        BANK2            000200-0002FF              100
        BANK3            000300-0003FF              100
        BANK4            000400-0004FF              100
        BANK5            000500-0005FF              100
        BANK6            000600-0006FF              100
        BANK7            000700-0007FF              100
        BIGRAM           00005F-00005F                1
                         0000D3-0007FF              72D
        BIGSFR           000F60-000FFF               A0
        CODE             000004-0007FF              7FC
                         0027DA-007FFF             5826
        COMRAM           00005F-00005F                1
        CONFIG           30000A-30000D                4
        CONST            000004-0007FF              7FC
                         0027DA-007FFF             5826
        EEDATA           F00000-F000FF              100
        IDLOC            200000-200007                8
        MEDIUMCONST      0027DA-007FFF             5826
        RAM              0000D3-0007FF              100
        SFR              000F60-000FFF               A0
        SMALLCONST       0027DA-007FFF              100

                                  Symbol Table

?_ADC_Read                     cstackCOMRAM 000001
?___awdiv                      cstackCOMRAM 000001
?___awmod                      cstackCOMRAM 000001
?___fladd                      cstackCOMRAM 000041
?___fldiv                      cstackCOMRAM 00000F
?___flmul                      cstackCOMRAM 000028
?___flneg                      cstackCOMRAM 000001
?___flsub                      cstackCOMRAM 000051
?___fltol                      cstackCOMRAM 000051
?___xxtofl                     cstackCOMRAM 000001
?_abs                          cstackCOMRAM 000007
?_roundf                       cstackCOMRAM 000059
?_setPeriodTo                  cstackBANK0  00007B
?_sprintf                      cstackCOMRAM 00001A
?_vfprintf                     cstackCOMRAM 000016
ADC_Read@channel               cstackCOMRAM 000001
ADC_Read@digital               cstackCOMRAM 000007
LCDPutChar@ch                  cstackCOMRAM 000004
LCDPutCmd@ch                   cstackCOMRAM 000004
LCDPutStr@i                    cstackCOMRAM 000006
LCDPutStr@str                  cstackCOMRAM 000005
LCDWriteNibble@ch              cstackCOMRAM 000002
LCDWriteNibble@rs              cstackCOMRAM 000001
SetDutyCycleTo@Duty_cycle      cstackBANK0  000060
SetDutyCycleTo@PWM10BitValue   cstackBANK0  00006A
SetDutyCycleTo@Period          cstackBANK0  000064
_ADCON0                        (abs)        000FC2
_ADCON0bits                    (abs)        000FC2
_ADCON1                        (abs)        000FC1
_ADCON2                        (abs)        000FC0
_ADC_Init                      text27       0027BC
_ADC_Read                      text26       0024E6
_ADON                          (abs)        007E10
_ADRESH                        (abs)        000FC4
_ADRESL                        (abs)        000FC3
_CCP1CON                       (abs)        000FBD
_CCPR1L                        (abs)        000FBE
_GO                            (abs)        007E11
_LCDPutChar                    text24       002748
_LCDPutCmd                     text22       00263C
_LCDPutStr                     text23       002716
_LCDWriteNibble                text25       002774
_LCD_Initialize                text21       002602
_OSCCON                        (abs)        000FD3
_PORTD                         (abs)        000F83
_PORTDbits                     (abs)        000F83
_PR2                           (abs)        000FCB
_PWM_Init                      text20       0027D0
_SetDutyCycleTo                text14       0021CA
_SetDutyCycleTo$1117           cstackBANK0  000066
_T2CON                         (abs)        000FCA
_T2CONbits                     (abs)        000FCA
_TMR2                          (abs)        000FCC
_TRISA                         (abs)        000F92
_TRISCbits                     (abs)        000F94
_TRISD                         (abs)        000F95
__HRAM                         (abs)        000000
__H__absolute__                __absolute__ 000000
__Habs1                        abs1         000000
__Hbank0                       bank0        000000
__Hbank1                       bank1        000000
__Hbank2                       bank2        000000
__Hbank3                       bank3        000000
__Hbank4                       bank4        000000
__Hbank5                       bank5        000000
__Hbank6                       bank6        000000
__Hbank7                       bank7        000000
__Hbigbss                      bigbss       000000
__Hbigdata                     bigdata      000000
__Hbigram                      bigram       000000
__Hbigsfr                      bigsfr       000000
__Hbss                         bss          000000
__HbssBANK0                    bssBANK0     000000
__HbssCOMRAM                   bssCOMRAM    000000
__Hcinit                       cinit        000000
__Hclrtext                     clrtext      000000
__Hcomram                      comram       000000
__Hconfig                      config       30000A
__Hconst                       const        000000
__HcstackBANK0                 cstackBANK0  000000
__HcstackCOMRAM                cstackCOMRAM 000000
__Hdata                        data         000000
__Heeprom_data                 eeprom_data  000000
__Hfarbss                      farbss       000000
__Hfardata                     fardata      000000
__Hheap                        heap         000000
__Hibigdata                    ibigdata     000000
__Hidata                       idata        000000
__Hidloc                       idloc        000000
__Hifardata                    ifardata     000000
__Hinit                        init         000004
__Hintcode                     intcode      000000
__Hintcode_body                intcode_body 000000
__Hintcodelo                   intcodelo    000000
__Hintentry                    intentry     000000
__Hintret                      intret       000000
__Hintsave_regs                intsave_regs 000000
__Hirdata                      irdata       000000
__Hmediumconst                 mediumconst  000000
__HnvFARRAM                    nvFARRAM     000000
__Hnvbit                       nvbit        000000
__Hnvrram                      nvrram       000000
__Hparam                       rparam       000000
__Hpowerup                     powerup      000000
__Hram                         ram          000000
__Hramtop                      ramtop       000800
__Hrbit                        rbit         000000
__Hrbss                        rbss         000000
__Hrdata                       rdata        000000
__Hreset_vec                   reset_vec    000000
__Hrparam                      rparam       000000
__Hsfr                         sfr          000000
__Hsmallconst                  smallconst   00080A
__Hspace_0                     (abs)        0027DA
__Hspace_1                     (abs)        0000D3
__Hspace_2                     (abs)        000000
__Hspace_4                     (abs)        60000A
__Hstack                       stack        000000
__Hstruct                      struct       000000
__Htemp                        temp         000000
__Htext                        text         000000
__Htext0                       text0        000000
__Htext1                       text1        000000
__Htext10                      text10       000000
__Htext11                      text11       000000
__Htext12                      text12       000000
__Htext13                      text13       000000
__Htext14                      text14       000000
__Htext15                      text15       000000
__Htext16                      text16       000000
__Htext17                      text17       000000
__Htext18                      text18       000000
__Htext19                      text19       000000
__Htext2                       text2        000000
__Htext20                      text20       000000
__Htext21                      text21       000000
__Htext22                      text22       000000
__Htext23                      text23       000000
__Htext24                      text24       000000
__Htext25                      text25       000000
__Htext26                      text26       000000
__Htext27                      text27       000000
__Htext3                       text3        000000
__Htext4                       text4        000000
__Htext5                       text5        000000
__Htext6                       text6        000000
__Htext7                       text7        000000
__Htext8                       text8        000000
__Htext9                       text9        000000
__LRAM                         (abs)        000001
__L__absolute__                __absolute__ 000000
__Labs1                        abs1         000000
__Lbank0                       bank0        000000
__Lbank1                       bank1        000000
__Lbank2                       bank2        000000
__Lbank3                       bank3        000000
__Lbank4                       bank4        000000
__Lbank5                       bank5        000000
__Lbank6                       bank6        000000
__Lbank7                       bank7        000000
__Lbigbss                      bigbss       000000
__Lbigdata                     bigdata      000000
__Lbigram                      bigram       000000
__Lbigsfr                      bigsfr       000000
__Lbss                         bss          000000
__LbssBANK0                    bssBANK0     000000
__LbssCOMRAM                   bssCOMRAM    000000
__Lcinit                       cinit        000000
__Lclrtext                     clrtext      000000
__Lcomram                      comram       000000
__Lconfig                      config       000000
__Lconst                       const        000000
__LcstackBANK0                 cstackBANK0  000000
__LcstackCOMRAM                cstackCOMRAM 000000
__Ldata                        data         000000
__Leeprom_data                 eeprom_data  000000
__Lfarbss                      farbss       000000
__Lfardata                     fardata      000000
__Lheap                        heap         000000
__Libigdata                    ibigdata     000000
__Lidata                       idata        000000
__Lidloc                       idloc        000000
__Lifardata                    ifardata     000000
__Linit                        init         000000
__Lintcode                     intcode      000000
__Lintcode_body                intcode_body 000000
__Lintcodelo                   intcodelo    000000
__Lintentry                    intentry     000000
__Lintret                      intret       000000
__Lintsave_regs                intsave_regs 000000
__Lirdata                      irdata       000000
__Lmediumconst                 mediumconst  000000
__LnvFARRAM                    nvFARRAM     000000
__Lnvbit                       nvbit        000000
__Lnvrram                      nvrram       000000
__Lparam                       rparam       000000
__Lpowerup                     powerup      000000
__Lram                         ram          000000
__Lramtop                      ramtop       000800
__Lrbit                        rbit         000000
__Lrbss                        rbss         000000
__Lrdata                       rdata        000000
__Lreset_vec                   reset_vec    000000
__Lrparam                      rparam       000000
__Lsfr                         sfr          000000
__Lsmallconst                  smallconst   000800
__Lspace_0                     (abs)        000000
__Lspace_1                     (abs)        000000
__Lspace_2                     (abs)        000000
__Lspace_4                     (abs)        000000
__Lstack                       stack        000000
__Lstruct                      struct       000000
__Ltemp                        temp         000000
__Ltext                        text         000000
__Ltext0                       text0        000000
__Ltext1                       text1        000000
__Ltext10                      text10       000000
__Ltext11                      text11       000000
__Ltext12                      text12       000000
__Ltext13                      text13       000000
__Ltext14                      text14       000000
__Ltext15                      text15       000000
__Ltext16                      text16       000000
__Ltext17                      text17       000000
__Ltext18                      text18       000000
__Ltext19                      text19       000000
__Ltext2                       text2        000000
__Ltext20                      text20       000000
__Ltext21                      text21       000000
__Ltext22                      text22       000000
__Ltext23                      text23       000000
__Ltext24                      text24       000000
__Ltext25                      text25       000000
__Ltext26                      text26       000000
__Ltext27                      text27       000000
__Ltext3                       text3        000000
__Ltext4                       text4        000000
__Ltext5                       text5        000000
__Ltext6                       text6        000000
__Ltext7                       text7        000000
__Ltext8                       text8        000000
__Ltext9                       text9        000000
__S0                           (abs)        0027DA
__S1                           (abs)        0000D3
__S4                           (abs)        000000
__S5                           (abs)        000000
___awdiv                       text8        0022C8
___awdiv@counter               cstackCOMRAM 000005
___awdiv@dividend              cstackCOMRAM 000001
___awdiv@divisor               cstackCOMRAM 000003
___awdiv@quotient              cstackCOMRAM 000007
___awdiv@sign                  cstackCOMRAM 000006
___awmod                       text7        00238C
___awmod@counter               cstackCOMRAM 000005
___awmod@dividend              cstackCOMRAM 000001
___awmod@divisor               cstackCOMRAM 000003
___awmod@sign                  cstackCOMRAM 000006
___fladd                       text19       00080A
___fladd@a                     cstackCOMRAM 000045
___fladd@aexp                  cstackCOMRAM 00004E
___fladd@b                     cstackCOMRAM 000041
___fladd@bexp                  cstackCOMRAM 00004F
___fladd@grs                   cstackCOMRAM 000050
___fladd@signs                 cstackCOMRAM 00004D
___fldiv                       text18       001496
___fldiv@a                     cstackCOMRAM 000013
___fldiv@aexp                  cstackCOMRAM 000027
___fldiv@b                     cstackCOMRAM 00000F
___fldiv@bexp                  cstackCOMRAM 000026
___fldiv@grs                   cstackCOMRAM 000022
___fldiv@new_exp               cstackCOMRAM 000020
___fldiv@rem                   cstackCOMRAM 00001B
___fldiv@sign                  cstackCOMRAM 00001F
___flge                        text13       0020C6
___flge@ff1                    cstackCOMRAM 000001
___flge@ff2                    cstackCOMRAM 000005
___flmul                       text17       000CCA
___flmul@a                     cstackCOMRAM 00002C
___flmul@aexp                  cstackCOMRAM 000039
___flmul@b                     cstackCOMRAM 000028
___flmul@bexp                  cstackCOMRAM 00003A
___flmul@grs                   cstackCOMRAM 000035
___flmul@prod                  cstackCOMRAM 00003B
___flmul@sign                  cstackCOMRAM 000034
___flmul@temp                  cstackCOMRAM 00003F
___flneg                       text12       002676
___flneg@f1                    cstackCOMRAM 000001
___flsub                       text11       002582
___flsub@a                     cstackCOMRAM 000055
___flsub@b                     cstackCOMRAM 000051
___fltol                       text16       001FC0
___fltol@exp1                  cstackCOMRAM 00005A
___fltol@f1                    cstackCOMRAM 000051
___fltol@sign1                 cstackCOMRAM 000059
___heap_hi                     (abs)        000000
___heap_lo                     (abs)        000000
___inthi_sp                    stack        000000
___inthi_stack_hi              stack        000000
___inthi_stack_lo              stack        000000
___intlo_sp                    stack        000000
___intlo_stack_hi              stack        000000
___intlo_stack_lo              stack        000000
___param_bank                  (abs)        000000
___rparam_used                 (abs)        000001
___sp                          stack        000000
___stack_hi                    stack        000000
___stack_lo                    stack        000000
___xxtofl                      text15       001B12
___xxtofl@arg                  cstackCOMRAM 00000B
___xxtofl@exp                  cstackCOMRAM 00000A
___xxtofl@sign                 cstackCOMRAM 000009
___xxtofl@val                  cstackCOMRAM 000001
__accesstop                    (abs)        000060
__activetblptr                 (abs)        000001
__end_of_ADC_Init              text27       0027D0
__end_of_ADC_Read              text26       002582
__end_of_LCDPutChar            text24       002774
__end_of_LCDPutCmd             text22       002676
__end_of_LCDPutStr             text23       002748
__end_of_LCDWriteNibble        text25       0027A0
__end_of_LCD_Initialize        text21       00263C
__end_of_PWM_Init              text20       0027D8
__end_of_SetDutyCycleTo        text14       0022C8
__end_of___awdiv               text8        00238C
__end_of___awmod               text7        00243C
__end_of___fladd               text19       000CCA
__end_of___fldiv               text18       001830
__end_of___flge                text13       0021CA
__end_of___flmul               text17       0010F4
__end_of___flneg               text12       0026AE
__end_of___flsub               text11       0025C8
__end_of___fltol               text16       0020C6
__end_of___xxtofl              text15       001CC6
__end_of__initialization       cinit        0027AE
__end_of_abs                   text6        002716
__end_of_fputc                 text4        0024E6
__end_of_main                  text0        001FC0
__end_of_putch                 text5        0027DA
__end_of_roundf                text10       001B12
__end_of_setPeriodTo           text9        001496
__end_of_sprintf               text1        0026E2
__end_of_toint                 smallconst   000805
__end_of_vfpfcnvrt             text3        001E70
__end_of_vfprintf              text2        002602
__initialization               cinit        0027A0
__mediumconst                  mediumconst  000000
__pbssBANK0                    bssBANK0     0000AB
__pbssCOMRAM                   bssCOMRAM    00005E
__pcinit                       cinit        0027A0
__pcstackBANK0                 cstackBANK0  000060
__pcstackCOMRAM                cstackCOMRAM 000001
__psmallconst                  smallconst   000800
__ptext0                       text0        001E70
__ptext1                       text1        0026AE
__ptext10                      text10       001830
__ptext11                      text11       002582
__ptext12                      text12       002676
__ptext13                      text13       0020C6
__ptext14                      text14       0021CA
__ptext15                      text15       001B12
__ptext16                      text16       001FC0
__ptext17                      text17       000CCA
__ptext18                      text18       001496
__ptext19                      text19       00080A
__ptext2                       text2        0025C8
__ptext20                      text20       0027D0
__ptext21                      text21       002602
__ptext22                      text22       00263C
__ptext23                      text23       002716
__ptext24                      text24       002748
__ptext25                      text25       002774
__ptext26                      text26       0024E6
__ptext27                      text27       0027BC
__ptext3                       text3        001CC6
__ptext4                       text4        00243C
__ptext5                       text5        0027D8
__ptext6                       text6        0026E2
__ptext7                       text7        00238C
__ptext8                       text8        0022C8
__ptext9                       text9        0010F4
__ramtop                       ramtop       000800
__smallconst                   smallconst   000800
_abs                           text6        0026E2
_dbuf                          bssBANK0     0000AB
_flags                         bssCOMRAM    00005E
_fputc                         text4        00243C
_main                          text0        001E70
_main$1115                     cstackBANK0  0000A3
_prec                          bssBANK0     0000D1
_putch                         text5        0027D8
_roundf                        text10       001830
_roundf$1118                   cstackBANK0  000072
_roundf$1119                   cstackBANK0  000064
_setPeriodTo                   text9        0010F4
_setPeriodTo$1116              cstackBANK0  00007F
_sprintf                       text1        0026AE
_vfpfcnvrt                     text3        001CC6
_vfprintf                      text2        0025C8
_width                         bssBANK0     0000CF
abs@a                          cstackCOMRAM 000007
end_of_initialization          cinit        0027AE
fputc@c                        cstackCOMRAM 000001
fputc@fp                       cstackCOMRAM 000003
intlevel0                      text         000000
intlevel1                      text         000000
intlevel2                      text         000000
intlevel3                      text         000000
isa$std                        (abs)        000001
isa$xinst                      (abs)        000000
main@Duty_Scale                cstackBANK0  00009F
main@Period                    cstackBANK0  0000A7
main@convertido                cstackBANK0  000095
main@valorADC                  cstackBANK0  0000A9
roundf@F522                    bssBANK0     0000CB
roundf@e                       cstackBANK0  00006C
roundf@sign                    cstackBANK0  000076
roundf@u                       cstackBANK0  00006E
roundf@x                       cstackCOMRAM 000059
roundf@y                       cstackBANK0  000077
roundf@z                       cstackBANK0  000068
setPeriodTo@FOSC               cstackBANK0  000087
setPeriodTo@FPWM               cstackBANK0  00007B
setPeriodTo@TimerPrescaleBits  cstackBANK0  000083
setPeriodTo@TimerPrescaleValue cstackBANK0  000085
setPeriodTo@_resolution        cstackBANK0  000091
setPeriodTo@clockSelectBits    cstackBANK0  00008B
setPeriodTo@period             cstackBANK0  00008D
sprintf@ap                     cstackCOMRAM 00001E
sprintf@f                      cstackCOMRAM 00001F
sprintf@fmt                    cstackCOMRAM 00001B
sprintf@s                      cstackCOMRAM 00001A
stackhi                        (abs)        000000
stacklo                        (abs)        000000
start                          init         000000
start_initialization           cinit        0027A0
vfpfcnvrt@ap                   cstackCOMRAM 00000D
vfpfcnvrt@c                    cstackCOMRAM 000015
vfpfcnvrt@convarg              cstackCOMRAM 000011
vfpfcnvrt@cp                   cstackCOMRAM 000010
vfpfcnvrt@done                 cstackCOMRAM 00000F
vfpfcnvrt@fmt                  cstackCOMRAM 00000C
vfpfcnvrt@fp                   cstackCOMRAM 00000B
vfprintf@ap                    cstackCOMRAM 000018
vfprintf@cfmt                  cstackCOMRAM 000019
vfprintf@fmt                   cstackCOMRAM 000017
vfprintf@fp                    cstackCOMRAM 000016


MODULE INFORMATION

Module		Function		Class		Link	Load	Size
E:/Projetos/project_LIDAR/ProjectLIDAR.X/pwm.c
		_setPeriodTo   		CODE           	10F4	0000	930
		_SetDutyCycleTo		CODE           	21CA	0000	254
		_PWM_Init      		CODE           	27D0	0000	8

E:/Projetos/project_LIDAR/ProjectLIDAR.X/pwm.c estimated size: 1192

C:\Program Files\Microchip\xc8\v2.45\pic\sources\c99\common\flneg.c
		___flneg       		CODE           	2676	0000	56

C:\Program Files\Microchip\xc8\v2.45\pic\sources\c99\common\flneg.c estimated size: 56

E:/Projetos/project_LIDAR/ProjectLIDAR.X/adc.c
		_ADC_Read      		CODE           	24E6	0000	156
		_ADC_Init      		CODE           	27BC	0000	20

E:/Projetos/project_LIDAR/ProjectLIDAR.X/adc.c estimated size: 176

C:\Program Files\Microchip\xc8\v2.45\pic\sources\c99\common\sprcmul.c
		___flmul       		CODE           	0CCA	0000	1066

C:\Program Files\Microchip\xc8\v2.45\pic\sources\c99\common\sprcmul.c estimated size: 1066

C:\Program Files\Microchip\xc8\v2.45\pic\sources\c99\common\sprcdiv.c
		___fldiv       		CODE           	1496	0000	922

C:\Program Files\Microchip\xc8\v2.45\pic\sources\c99\common\sprcdiv.c estimated size: 922

C:\Program Files\Microchip\xc8\v2.45\pic\sources\c99\common\roundf.c
		_roundf        		CODE           	1830	0000	738

C:\Program Files\Microchip\xc8\v2.45\pic\sources\c99\common\roundf.c estimated size: 738

C:\Program Files\Microchip\xc8\v2.45\pic\sources\c99\common\nf_sprintf.c
		_sprintf       		CODE           	26AE	0000	52

C:\Program Files\Microchip\xc8\v2.45\pic\sources\c99\common\nf_sprintf.c estimated size: 52

C:\Program Files\Microchip\xc8\v2.45\pic\sources\c99\common\awmod.c
		___awmod       		CODE           	238C	0000	176

C:\Program Files\Microchip\xc8\v2.45\pic\sources\c99\common\awmod.c estimated size: 176

C:\Program Files\Microchip\xc8\v2.45\pic\sources\c99\common\putch.c
		_putch         		CODE           	27D8	0000	2

C:\Program Files\Microchip\xc8\v2.45\pic\sources\c99\common\putch.c estimated size: 2

C:\Program Files\Microchip\xc8\v2.45\pic\sources\c99\common\flge.c
		___flge        		CODE           	20C6	0000	260

C:\Program Files\Microchip\xc8\v2.45\pic\sources\c99\common\flge.c estimated size: 260

E:/Projetos/project_LIDAR/ProjectLIDAR.X/lcd.c
		_LCDPutCmd     		CODE           	263C	0000	58
		_LCDPutStr     		CODE           	2716	0000	50
		_LCDPutChar    		CODE           	2748	0000	44
		_LCD_Initialize		CODE           	2602	0000	58
		_LCDWriteNibble		CODE           	2774	0000	44

E:/Projetos/project_LIDAR/ProjectLIDAR.X/lcd.c estimated size: 254

shared
		__initialization		CODE           	27A0	0000	14
		_toint         		SMALLCONST     	0000	0000	0

shared estimated size: 14

C:\Program Files\Microchip\xc8\v2.45\pic\sources\c99\common\xxtofl.c
		___xxtofl      		CODE           	1B12	0000	436

C:\Program Files\Microchip\xc8\v2.45\pic\sources\c99\common\xxtofl.c estimated size: 436

C:\Program Files\Microchip\xc8\v2.45\pic\sources\c99\common\abs.c
		_abs           		CODE           	26E2	0000	52

C:\Program Files\Microchip\xc8\v2.45\pic\sources\c99\common\abs.c estimated size: 52

E:/Projetos/project_LIDAR/ProjectLIDAR.X/main.c
		_main          		CODE           	1E70	0000	336

E:/Projetos/project_LIDAR/ProjectLIDAR.X/main.c estimated size: 336

C:\Program Files\Microchip\xc8\v2.45\pic\sources\c99\common\sprcadd.c
		___flsub       		CODE           	2582	0000	70
		___fladd       		CODE           	080A	0000	1216

C:\Program Files\Microchip\xc8\v2.45\pic\sources\c99\common\sprcadd.c estimated size: 1286

C:\Program Files\Microchip\xc8\v2.45\pic\sources\c99\common\nf_fputc.c
		_fputc         		CODE           	243C	0000	170

C:\Program Files\Microchip\xc8\v2.45\pic\sources\c99\common\nf_fputc.c estimated size: 170

C:\Program Files\Microchip\xc8\v2.45\pic\sources\c99\common\doprnt.c
		_vfpfcnvrt     		CODE           	1CC6	0000	426
		_vfprintf      		CODE           	25C8	0000	58

C:\Program Files\Microchip\xc8\v2.45\pic\sources\c99\common\doprnt.c estimated size: 484

C:\Program Files\Microchip\xc8\v2.45\pic\sources\c99\common\awdiv.c
		___awdiv       		CODE           	22C8	0000	196

C:\Program Files\Microchip\xc8\v2.45\pic\sources\c99\common\awdiv.c estimated size: 196

C:\Program Files\Microchip\xc8\v2.45\pic\sources\c99\common\fltol.c
		___fltol       		CODE           	1FC0	0000	262

C:\Program Files\Microchip\xc8\v2.45\pic\sources\c99\common\fltol.c estimated size: 262

